exports[`test renders correctly 1`] = `
<div
  className="App-header">
  <h1>
    MATHSTER
  </h1>
  <h2>
    BE THE MATH HERO
  </h2>
</div>
`;
